[2026-09-29T15:51:08.745+0000] {manager.py:470} INFO - Processing files using up to 2 processes at a time 
[2026-09-29T15:51:08.747+0000] {manager.py:471} INFO - Process each file at most once every 30 seconds
[2026-09-29T15:51:08.749+0000] {manager.py:472} INFO - Checking for new files in /opt/airflow/dags every 300 seconds
[2026-09-29T15:51:08.751+0000] {manager.py:737} INFO - Searching for files in /opt/airflow/dags
[2026-09-29T15:51:08.792+0000] {manager.py:740} INFO - There are 1 files in /opt/airflow/dags
[2026-09-29T15:51:08.980+0000] {manager.py:878} INFO - 
================================================================================
DAG File Processing Stats

File Path                                  PID  Runtime      # DAGs    # Errors  Last Runtime    Last Run
---------------------------------------  -----  ---------  --------  ----------  --------------  ----------
/opt/airflow/dags/ecommerce_pipeline.py    192  0.08s             0           0
================================================================================
[2026-09-29T15:51:39.276+0000] {manager.py:878} INFO - 
================================================================================
DAG File Processing Stats

File Path                                PID    Runtime      # DAGs    # Errors  Last Runtime    Last Run
---------------------------------------  -----  ---------  --------  ----------  --------------  -------------------
/opt/airflow/dags/ecommerce_pipeline.py                           1           0  3.98s           2026-09-29T15:51:12
================================================================================
[2026-09-29T15:52:09.701+0000] {manager.py:878} INFO - 
================================================================================
DAG File Processing Stats

File Path                                PID    Runtime      # DAGs    # Errors  Last Runtime    Last Run
---------------------------------------  -----  ---------  --------  ----------  --------------  -------------------
/opt/airflow/dags/ecommerce_pipeline.py                           1           0  0.62s           2026-09-29T15:51:43
================================================================================
[2026-09-29T15:52:40.588+0000] {manager.py:878} INFO - 
================================================================================
DAG File Processing Stats

File Path                                PID    Runtime      # DAGs    # Errors  Last Runtime    Last Run
---------------------------------------  -----  ---------  --------  ----------  --------------  -------------------
/opt/airflow/dags/ecommerce_pipeline.py                           1           0  0.60s           2026-09-29T15:52:14
================================================================================
[2026-09-29T15:53:11.163+0000] {manager.py:878} INFO - 
================================================================================
DAG File Processing Stats

File Path                                PID    Runtime      # DAGs    # Errors  Last Runtime    Last Run
---------------------------------------  -----  ---------  --------  ----------  --------------  -------------------
/opt/airflow/dags/ecommerce_pipeline.py                           1           0  0.74s           2026-09-29T15:52:45
================================================================================
[2026-09-29T15:53:42.099+0000] {manager.py:878} INFO - 
================================================================================
DAG File Processing Stats

File Path                                PID    Runtime      # DAGs    # Errors  Last Runtime    Last Run
---------------------------------------  -----  ---------  --------  ----------  --------------  -------------------
/opt/airflow/dags/ecommerce_pipeline.py                           1           0  0.56s           2026-09-29T15:53:16
================================================================================
[2026-09-29T15:54:12.364+0000] {manager.py:878} INFO - 
================================================================================
DAG File Processing Stats

File Path                                PID    Runtime      # DAGs    # Errors  Last Runtime    Last Run
---------------------------------------  -----  ---------  --------  ----------  --------------  -------------------
/opt/airflow/dags/ecommerce_pipeline.py                           1           0  0.81s           2026-09-29T15:53:48
================================================================================
[2026-09-29T15:54:42.489+0000] {manager.py:878} INFO - 
================================================================================
DAG File Processing Stats

File Path                                PID    Runtime      # DAGs    # Errors  Last Runtime    Last Run
---------------------------------------  -----  ---------  --------  ----------  --------------  -------------------
/opt/airflow/dags/ecommerce_pipeline.py                           1           0  0.74s           2026-09-29T15:54:19
================================================================================
[2026-09-29T15:55:12.612+0000] {manager.py:878} INFO - 
================================================================================
DAG File Processing Stats

File Path                                PID    Runtime      # DAGs    # Errors  Last Runtime    Last Run
---------------------------------------  -----  ---------  --------  ----------  --------------  -------------------
/opt/airflow/dags/ecommerce_pipeline.py                           1           0  0.76s           2026-09-29T15:54:50
================================================================================
[2026-09-29T15:55:42.976+0000] {manager.py:878} INFO - 
================================================================================
DAG File Processing Stats

File Path                                PID    Runtime      # DAGs    # Errors  Last Runtime    Last Run
---------------------------------------  -----  ---------  --------  ----------  --------------  -------------------
/opt/airflow/dags/ecommerce_pipeline.py                           1           0  0.67s           2026-09-29T15:55:21
================================================================================
[2026-09-29T15:56:09.259+0000] {manager.py:737} INFO - Searching for files in /opt/airflow/dags
[2026-09-29T15:56:09.290+0000] {manager.py:740} INFO - There are 1 files in /opt/airflow/dags
[2026-09-29T15:56:13.382+0000] {manager.py:878} INFO - 
================================================================================
DAG File Processing Stats

File Path                                PID    Runtime      # DAGs    # Errors  Last Runtime    Last Run
---------------------------------------  -----  ---------  --------  ----------  --------------  -------------------
/opt/airflow/dags/ecommerce_pipeline.py                           1           0  0.72s           2026-09-29T15:55:52
================================================================================
[2026-09-29T15:56:43.912+0000] {manager.py:878} INFO - 
================================================================================
DAG File Processing Stats

File Path                                PID    Runtime      # DAGs    # Errors  Last Runtime    Last Run
---------------------------------------  -----  ---------  --------  ----------  --------------  -------------------
/opt/airflow/dags/ecommerce_pipeline.py                           1           0  0.61s           2026-09-29T15:56:23
================================================================================
[2026-09-29T15:57:14.253+0000] {manager.py:878} INFO - 
================================================================================
DAG File Processing Stats

File Path                                PID    Runtime      # DAGs    # Errors  Last Runtime    Last Run
---------------------------------------  -----  ---------  --------  ----------  --------------  -------------------
/opt/airflow/dags/ecommerce_pipeline.py                           1           0  0.73s           2026-09-29T15:56:54
================================================================================
[2026-09-29T15:57:44.386+0000] {manager.py:878} INFO - 
================================================================================
DAG File Processing Stats

File Path                                PID    Runtime      # DAGs    # Errors  Last Runtime    Last Run
---------------------------------------  -----  ---------  --------  ----------  --------------  -------------------
/opt/airflow/dags/ecommerce_pipeline.py                           1           0  0.77s           2026-09-29T15:57:25
================================================================================
[2026-09-29T15:58:14.921+0000] {manager.py:878} INFO - 
================================================================================
DAG File Processing Stats

File Path                                PID    Runtime      # DAGs    # Errors  Last Runtime    Last Run
---------------------------------------  -----  ---------  --------  ----------  --------------  -------------------
/opt/airflow/dags/ecommerce_pipeline.py                           1           0  0.64s           2026-09-29T15:57:55
================================================================================
[2026-09-29T15:58:45.415+0000] {manager.py:878} INFO - 
================================================================================
DAG File Processing Stats

File Path                                PID    Runtime      # DAGs    # Errors  Last Runtime    Last Run
---------------------------------------  -----  ---------  --------  ----------  --------------  -------------------
/opt/airflow/dags/ecommerce_pipeline.py                           1           0  0.64s           2026-09-29T15:58:26
================================================================================
[2026-09-29T15:59:15.867+0000] {manager.py:878} INFO - 
================================================================================
DAG File Processing Stats

File Path                                PID    Runtime      # DAGs    # Errors  Last Runtime    Last Run
---------------------------------------  -----  ---------  --------  ----------  --------------  -------------------
/opt/airflow/dags/ecommerce_pipeline.py                           1           0  0.88s           2026-09-29T15:58:57
================================================================================
[2026-09-29T15:59:46.650+0000] {manager.py:878} INFO - 
================================================================================
DAG File Processing Stats

File Path                                PID    Runtime      # DAGs    # Errors  Last Runtime    Last Run
---------------------------------------  -----  ---------  --------  ----------  --------------  -------------------
/opt/airflow/dags/ecommerce_pipeline.py                           1           0  0.61s           2026-09-29T15:59:28
================================================================================
[2026-09-29T16:00:16.870+0000] {manager.py:878} INFO - 
================================================================================
DAG File Processing Stats

File Path                                PID    Runtime      # DAGs    # Errors  Last Runtime    Last Run
---------------------------------------  -----  ---------  --------  ----------  --------------  -------------------
/opt/airflow/dags/ecommerce_pipeline.py                           1           0  0.77s           2026-09-29T15:59:59
================================================================================
[2026-09-29T16:00:47.161+0000] {manager.py:878} INFO - 
================================================================================
DAG File Processing Stats

File Path                                PID    Runtime      # DAGs    # Errors  Last Runtime    Last Run
---------------------------------------  -----  ---------  --------  ----------  --------------  -------------------
/opt/airflow/dags/ecommerce_pipeline.py                           1           0  0.82s           2026-09-29T16:00:30
================================================================================
[2026-09-29T16:01:09.960+0000] {manager.py:737} INFO - Searching for files in /opt/airflow/dags
[2026-09-29T16:01:10.012+0000] {manager.py:740} INFO - There are 1 files in /opt/airflow/dags
[2026-09-29T16:01:18.199+0000] {manager.py:878} INFO - 
================================================================================
DAG File Processing Stats

File Path                                PID    Runtime      # DAGs    # Errors  Last Runtime    Last Run
---------------------------------------  -----  ---------  --------  ----------  --------------  -------------------
/opt/airflow/dags/ecommerce_pipeline.py                           1           0  0.60s           2026-09-29T16:01:01
================================================================================
[2026-09-29T16:01:47.702+0000] {manager.py:878} INFO - 
================================================================================
DAG File Processing Stats

File Path                                PID    Runtime      # DAGs    # Errors  Last Runtime    Last Run
---------------------------------------  -----  ---------  --------  ----------  --------------  -------------------
/opt/airflow/dags/ecommerce_pipeline.py                           1           0  0.61s           2026-09-29T16:01:32
================================================================================
[2026-09-29T16:02:19.094+0000] {manager.py:878} INFO - 
================================================================================
DAG File Processing Stats

File Path                                PID    Runtime      # DAGs    # Errors  Last Runtime    Last Run
---------------------------------------  -----  ---------  --------  ----------  --------------  -------------------
/opt/airflow/dags/ecommerce_pipeline.py                           1           0  0.75s           2026-09-29T16:02:04
================================================================================
[2026-09-29T16:02:49.807+0000] {manager.py:878} INFO - 
================================================================================
DAG File Processing Stats

File Path                                PID    Runtime      # DAGs    # Errors  Last Runtime    Last Run
---------------------------------------  -----  ---------  --------  ----------  --------------  -------------------
/opt/airflow/dags/ecommerce_pipeline.py                           1           0  0.61s           2026-09-29T16:02:34
================================================================================
[2026-09-29T16:03:20.046+0000] {manager.py:878} INFO - 
================================================================================
DAG File Processing Stats

File Path                                PID    Runtime      # DAGs    # Errors  Last Runtime    Last Run
---------------------------------------  -----  ---------  --------  ----------  --------------  -------------------
/opt/airflow/dags/ecommerce_pipeline.py                           1           0  0.83s           2026-09-29T16:03:05
================================================================================
[2026-09-29T16:03:50.235+0000] {manager.py:878} INFO - 
================================================================================
DAG File Processing Stats

File Path                                PID    Runtime      # DAGs    # Errors  Last Runtime    Last Run
---------------------------------------  -----  ---------  --------  ----------  --------------  -------------------
/opt/airflow/dags/ecommerce_pipeline.py                           1           0  0.78s           2026-09-29T16:03:37
================================================================================
[2026-09-29T16:04:20.363+0000] {manager.py:878} INFO - 
================================================================================
DAG File Processing Stats

File Path                                PID    Runtime      # DAGs    # Errors  Last Runtime    Last Run
---------------------------------------  -----  ---------  --------  ----------  --------------  -------------------
/opt/airflow/dags/ecommerce_pipeline.py                           1           0  0.71s           2026-09-29T16:04:08
================================================================================
[2026-09-29T16:04:50.706+0000] {manager.py:878} INFO - 
================================================================================
DAG File Processing Stats

File Path                                PID    Runtime      # DAGs    # Errors  Last Runtime    Last Run
---------------------------------------  -----  ---------  --------  ----------  --------------  -------------------
/opt/airflow/dags/ecommerce_pipeline.py                           1           0  0.60s           2026-09-29T16:04:39
================================================================================
[2026-09-29T16:05:21.120+0000] {manager.py:878} INFO - 
================================================================================
DAG File Processing Stats

File Path                                PID    Runtime      # DAGs    # Errors  Last Runtime    Last Run
---------------------------------------  -----  ---------  --------  ----------  --------------  -------------------
/opt/airflow/dags/ecommerce_pipeline.py                           1           0  0.57s           2026-09-29T16:05:10
================================================================================
[2026-09-29T16:05:51.578+0000] {manager.py:878} INFO - 
================================================================================
DAG File Processing Stats

File Path                                PID    Runtime      # DAGs    # Errors  Last Runtime    Last Run
---------------------------------------  -----  ---------  --------  ----------  --------------  -------------------
/opt/airflow/dags/ecommerce_pipeline.py                           1           0  0.63s           2026-09-29T16:05:40
================================================================================
[2026-09-29T16:06:10.286+0000] {manager.py:737} INFO - Searching for files in /opt/airflow/dags
[2026-09-29T16:06:10.313+0000] {manager.py:740} INFO - There are 1 files in /opt/airflow/dags
[2026-09-29T16:06:21.743+0000] {manager.py:878} INFO - 
================================================================================
DAG File Processing Stats

File Path                                PID    Runtime      # DAGs    # Errors  Last Runtime    Last Run
---------------------------------------  -----  ---------  --------  ----------  --------------  -------------------
/opt/airflow/dags/ecommerce_pipeline.py                           1           0  0.89s           2026-09-29T16:06:12
================================================================================
[2026-09-29T16:06:52.090+0000] {manager.py:878} INFO - 
================================================================================
DAG File Processing Stats

File Path                                PID    Runtime      # DAGs    # Errors  Last Runtime    Last Run
---------------------------------------  -----  ---------  --------  ----------  --------------  -------------------
/opt/airflow/dags/ecommerce_pipeline.py                           1           0  0.94s           2026-09-29T16:06:43
================================================================================
[2026-09-29T16:07:22.423+0000] {manager.py:878} INFO - 
================================================================================
DAG File Processing Stats

File Path                                PID    Runtime      # DAGs    # Errors  Last Runtime    Last Run
---------------------------------------  -----  ---------  --------  ----------  --------------  -------------------
/opt/airflow/dags/ecommerce_pipeline.py                           1           0  0.86s           2026-09-29T16:07:14
================================================================================
[2026-09-29T16:07:53.055+0000] {manager.py:878} INFO - 
================================================================================
DAG File Processing Stats

File Path                                PID    Runtime      # DAGs    # Errors  Last Runtime    Last Run
---------------------------------------  -----  ---------  --------  ----------  --------------  -------------------
/opt/airflow/dags/ecommerce_pipeline.py                           1           0  0.67s           2026-09-29T16:07:45
================================================================================
[2026-09-29T16:08:23.408+0000] {manager.py:878} INFO - 
================================================================================
DAG File Processing Stats

File Path                                PID    Runtime      # DAGs    # Errors  Last Runtime    Last Run
---------------------------------------  -----  ---------  --------  ----------  --------------  -------------------
/opt/airflow/dags/ecommerce_pipeline.py                           1           0  0.60s           2026-09-29T16:08:16
================================================================================
[2026-09-29T16:08:53.848+0000] {manager.py:878} INFO - 
================================================================================
DAG File Processing Stats

File Path                                PID    Runtime      # DAGs    # Errors  Last Runtime    Last Run
---------------------------------------  -----  ---------  --------  ----------  --------------  -------------------
/opt/airflow/dags/ecommerce_pipeline.py                           1           0  0.61s           2026-09-29T16:08:47
================================================================================
[2026-09-29T16:09:24.198+0000] {manager.py:878} INFO - 
================================================================================
DAG File Processing Stats

File Path                                PID    Runtime      # DAGs    # Errors  Last Runtime    Last Run
---------------------------------------  -----  ---------  --------  ----------  --------------  -------------------
/opt/airflow/dags/ecommerce_pipeline.py                           1           0  0.89s           2026-09-29T16:09:18
================================================================================
[2026-09-29T16:09:54.562+0000] {manager.py:878} INFO - 
================================================================================
DAG File Processing Stats

File Path                                PID    Runtime      # DAGs    # Errors  Last Runtime    Last Run
---------------------------------------  -----  ---------  --------  ----------  --------------  -------------------
/opt/airflow/dags/ecommerce_pipeline.py                           1           0  0.77s           2026-09-29T16:09:49
================================================================================
