[2026-09-29T15:51:08.943+0000] {processor.py:161} INFO - Started process (PID=192) to work on /opt/airflow/dags/ecommerce_pipeline.py
[2026-09-29T15:51:08.945+0000] {processor.py:830} INFO - Processing file /opt/airflow/dags/ecommerce_pipeline.py for tasks to queue
[2026-09-29T15:51:08.949+0000] {logging_mixin.py:188} INFO - [2026-09-29T15:51:08.948+0000] {dagbag.py:545} INFO - Filling up the DagBag from /opt/airflow/dags/ecommerce_pipeline.py
[2026-09-29T15:51:11.992+0000] {processor.py:840} INFO - DAG(s) 'ecommerce_data_pipeline' retrieved from /opt/airflow/dags/ecommerce_pipeline.py
[2026-09-29T15:51:12.775+0000] {logging_mixin.py:188} INFO - [2026-09-29T15:51:12.774+0000] {dag.py:3096} INFO - Sync 1 DAGs
[2026-09-29T15:51:12.810+0000] {logging_mixin.py:188} INFO - [2026-09-29T15:51:12.809+0000] {dag.py:3954} INFO - Setting next_dagrun for ecommerce_data_pipeline to 2026-09-29 00:00:00+00:00, run_after=2026-09-30 00:00:00+00:00
[2026-09-29T15:51:12.848+0000] {processor.py:183} INFO - Processing /opt/airflow/dags/ecommerce_pipeline.py took 3.805 seconds
[2026-09-29T15:51:43.230+0000] {processor.py:161} INFO - Started process (PID=228) to work on /opt/airflow/dags/ecommerce_pipeline.py
[2026-09-29T15:51:43.232+0000] {processor.py:830} INFO - Processing file /opt/airflow/dags/ecommerce_pipeline.py for tasks to queue
[2026-09-29T15:51:43.234+0000] {logging_mixin.py:188} INFO - [2026-09-29T15:51:43.234+0000] {dagbag.py:545} INFO - Filling up the DagBag from /opt/airflow/dags/ecommerce_pipeline.py
[2026-09-29T15:51:43.721+0000] {processor.py:840} INFO - DAG(s) 'ecommerce_data_pipeline' retrieved from /opt/airflow/dags/ecommerce_pipeline.py
[2026-09-29T15:51:43.750+0000] {logging_mixin.py:188} INFO - [2026-09-29T15:51:43.750+0000] {dag.py:3096} INFO - Sync 1 DAGs
[2026-09-29T15:51:43.780+0000] {logging_mixin.py:188} INFO - [2026-09-29T15:51:43.780+0000] {dag.py:3954} INFO - Setting next_dagrun for ecommerce_data_pipeline to 2026-09-29 00:00:00+00:00, run_after=2026-09-30 00:00:00+00:00
[2026-09-29T15:51:43.804+0000] {processor.py:183} INFO - Processing /opt/airflow/dags/ecommerce_pipeline.py took 0.582 seconds
[2026-09-29T15:52:13.915+0000] {processor.py:161} INFO - Started process (PID=234) to work on /opt/airflow/dags/ecommerce_pipeline.py
[2026-09-29T15:52:13.917+0000] {processor.py:830} INFO - Processing file /opt/airflow/dags/ecommerce_pipeline.py for tasks to queue
[2026-09-29T15:52:13.919+0000] {logging_mixin.py:188} INFO - [2026-09-29T15:52:13.919+0000] {dagbag.py:545} INFO - Filling up the DagBag from /opt/airflow/dags/ecommerce_pipeline.py
[2026-09-29T15:52:14.390+0000] {processor.py:840} INFO - DAG(s) 'ecommerce_data_pipeline' retrieved from /opt/airflow/dags/ecommerce_pipeline.py
[2026-09-29T15:52:14.422+0000] {logging_mixin.py:188} INFO - [2026-09-29T15:52:14.422+0000] {dag.py:3096} INFO - Sync 1 DAGs
[2026-09-29T15:52:14.447+0000] {logging_mixin.py:188} INFO - [2026-09-29T15:52:14.446+0000] {dag.py:3954} INFO - Setting next_dagrun for ecommerce_data_pipeline to 2026-09-29 00:00:00+00:00, run_after=2026-09-30 00:00:00+00:00
[2026-09-29T15:52:14.468+0000] {processor.py:183} INFO - Processing /opt/airflow/dags/ecommerce_pipeline.py took 0.560 seconds
[2026-09-29T15:52:45.269+0000] {processor.py:161} INFO - Started process (PID=240) to work on /opt/airflow/dags/ecommerce_pipeline.py
[2026-09-29T15:52:45.271+0000] {processor.py:830} INFO - Processing file /opt/airflow/dags/ecommerce_pipeline.py for tasks to queue
[2026-09-29T15:52:45.275+0000] {logging_mixin.py:188} INFO - [2026-09-29T15:52:45.275+0000] {dagbag.py:545} INFO - Filling up the DagBag from /opt/airflow/dags/ecommerce_pipeline.py
[2026-09-29T15:52:45.787+0000] {processor.py:840} INFO - DAG(s) 'ecommerce_data_pipeline' retrieved from /opt/airflow/dags/ecommerce_pipeline.py
[2026-09-29T15:52:45.820+0000] {logging_mixin.py:188} INFO - [2026-09-29T15:52:45.819+0000] {dag.py:3096} INFO - Sync 1 DAGs
[2026-09-29T15:52:45.849+0000] {logging_mixin.py:188} INFO - [2026-09-29T15:52:45.849+0000] {dag.py:3954} INFO - Setting next_dagrun for ecommerce_data_pipeline to 2026-09-29 00:00:00+00:00, run_after=2026-09-30 00:00:00+00:00
[2026-09-29T15:52:45.876+0000] {processor.py:183} INFO - Processing /opt/airflow/dags/ecommerce_pipeline.py took 0.619 seconds
[2026-09-29T15:53:16.355+0000] {processor.py:161} INFO - Started process (PID=246) to work on /opt/airflow/dags/ecommerce_pipeline.py
[2026-09-29T15:53:16.357+0000] {processor.py:830} INFO - Processing file /opt/airflow/dags/ecommerce_pipeline.py for tasks to queue
[2026-09-29T15:53:16.360+0000] {logging_mixin.py:188} INFO - [2026-09-29T15:53:16.359+0000] {dagbag.py:545} INFO - Filling up the DagBag from /opt/airflow/dags/ecommerce_pipeline.py
[2026-09-29T15:53:16.803+0000] {processor.py:840} INFO - DAG(s) 'ecommerce_data_pipeline' retrieved from /opt/airflow/dags/ecommerce_pipeline.py
[2026-09-29T15:53:16.833+0000] {logging_mixin.py:188} INFO - [2026-09-29T15:53:16.833+0000] {dag.py:3096} INFO - Sync 1 DAGs
[2026-09-29T15:53:16.859+0000] {logging_mixin.py:188} INFO - [2026-09-29T15:53:16.858+0000] {dag.py:3954} INFO - Setting next_dagrun for ecommerce_data_pipeline to 2026-09-29 00:00:00+00:00, run_after=2026-09-30 00:00:00+00:00
[2026-09-29T15:53:16.881+0000] {processor.py:183} INFO - Processing /opt/airflow/dags/ecommerce_pipeline.py took 0.533 seconds
[2026-09-29T15:53:47.327+0000] {processor.py:161} INFO - Started process (PID=252) to work on /opt/airflow/dags/ecommerce_pipeline.py
[2026-09-29T15:53:47.330+0000] {processor.py:830} INFO - Processing file /opt/airflow/dags/ecommerce_pipeline.py for tasks to queue
[2026-09-29T15:53:47.335+0000] {logging_mixin.py:188} INFO - [2026-09-29T15:53:47.335+0000] {dagbag.py:545} INFO - Filling up the DagBag from /opt/airflow/dags/ecommerce_pipeline.py
[2026-09-29T15:53:47.970+0000] {processor.py:840} INFO - DAG(s) 'ecommerce_data_pipeline' retrieved from /opt/airflow/dags/ecommerce_pipeline.py
[2026-09-29T15:53:47.998+0000] {logging_mixin.py:188} INFO - [2026-09-29T15:53:47.997+0000] {dag.py:3096} INFO - Sync 1 DAGs
[2026-09-29T15:53:48.054+0000] {logging_mixin.py:188} INFO - [2026-09-29T15:53:48.054+0000] {dag.py:3954} INFO - Setting next_dagrun for ecommerce_data_pipeline to 2026-09-29 00:00:00+00:00, run_after=2026-09-30 00:00:00+00:00
[2026-09-29T15:53:48.076+0000] {processor.py:183} INFO - Processing /opt/airflow/dags/ecommerce_pipeline.py took 0.762 seconds
[2026-09-29T15:54:18.525+0000] {processor.py:161} INFO - Started process (PID=258) to work on /opt/airflow/dags/ecommerce_pipeline.py
[2026-09-29T15:54:18.527+0000] {processor.py:830} INFO - Processing file /opt/airflow/dags/ecommerce_pipeline.py for tasks to queue
[2026-09-29T15:54:18.530+0000] {logging_mixin.py:188} INFO - [2026-09-29T15:54:18.529+0000] {dagbag.py:545} INFO - Filling up the DagBag from /opt/airflow/dags/ecommerce_pipeline.py
[2026-09-29T15:54:18.967+0000] {processor.py:840} INFO - DAG(s) 'ecommerce_data_pipeline' retrieved from /opt/airflow/dags/ecommerce_pipeline.py
[2026-09-29T15:54:19.003+0000] {logging_mixin.py:188} INFO - [2026-09-29T15:54:19.003+0000] {dag.py:3096} INFO - Sync 1 DAGs
[2026-09-29T15:54:19.030+0000] {logging_mixin.py:188} INFO - [2026-09-29T15:54:19.030+0000] {dag.py:3954} INFO - Setting next_dagrun for ecommerce_data_pipeline to 2026-09-29 00:00:00+00:00, run_after=2026-09-30 00:00:00+00:00
[2026-09-29T15:54:19.218+0000] {processor.py:183} INFO - Processing /opt/airflow/dags/ecommerce_pipeline.py took 0.699 seconds
[2026-09-29T15:54:49.684+0000] {processor.py:161} INFO - Started process (PID=264) to work on /opt/airflow/dags/ecommerce_pipeline.py
[2026-09-29T15:54:49.685+0000] {processor.py:830} INFO - Processing file /opt/airflow/dags/ecommerce_pipeline.py for tasks to queue
[2026-09-29T15:54:49.687+0000] {logging_mixin.py:188} INFO - [2026-09-29T15:54:49.687+0000] {dagbag.py:545} INFO - Filling up the DagBag from /opt/airflow/dags/ecommerce_pipeline.py
[2026-09-29T15:54:50.311+0000] {processor.py:840} INFO - DAG(s) 'ecommerce_data_pipeline' retrieved from /opt/airflow/dags/ecommerce_pipeline.py
[2026-09-29T15:54:50.341+0000] {logging_mixin.py:188} INFO - [2026-09-29T15:54:50.341+0000] {dag.py:3096} INFO - Sync 1 DAGs
[2026-09-29T15:54:50.370+0000] {logging_mixin.py:188} INFO - [2026-09-29T15:54:50.369+0000] {dag.py:3954} INFO - Setting next_dagrun for ecommerce_data_pipeline to 2026-09-29 00:00:00+00:00, run_after=2026-09-30 00:00:00+00:00
[2026-09-29T15:54:50.400+0000] {processor.py:183} INFO - Processing /opt/airflow/dags/ecommerce_pipeline.py took 0.724 seconds
[2026-09-29T15:55:20.650+0000] {processor.py:161} INFO - Started process (PID=270) to work on /opt/airflow/dags/ecommerce_pipeline.py
[2026-09-29T15:55:20.652+0000] {processor.py:830} INFO - Processing file /opt/airflow/dags/ecommerce_pipeline.py for tasks to queue
[2026-09-29T15:55:20.655+0000] {logging_mixin.py:188} INFO - [2026-09-29T15:55:20.654+0000] {dagbag.py:545} INFO - Filling up the DagBag from /opt/airflow/dags/ecommerce_pipeline.py
[2026-09-29T15:55:21.178+0000] {processor.py:840} INFO - DAG(s) 'ecommerce_data_pipeline' retrieved from /opt/airflow/dags/ecommerce_pipeline.py
[2026-09-29T15:55:21.216+0000] {logging_mixin.py:188} INFO - [2026-09-29T15:55:21.216+0000] {dag.py:3096} INFO - Sync 1 DAGs
[2026-09-29T15:55:21.244+0000] {logging_mixin.py:188} INFO - [2026-09-29T15:55:21.243+0000] {dag.py:3954} INFO - Setting next_dagrun for ecommerce_data_pipeline to 2026-09-29 00:00:00+00:00, run_after=2026-09-30 00:00:00+00:00
[2026-09-29T15:55:21.267+0000] {processor.py:183} INFO - Processing /opt/airflow/dags/ecommerce_pipeline.py took 0.623 seconds
[2026-09-29T15:55:51.682+0000] {processor.py:161} INFO - Started process (PID=276) to work on /opt/airflow/dags/ecommerce_pipeline.py
[2026-09-29T15:55:51.683+0000] {processor.py:830} INFO - Processing file /opt/airflow/dags/ecommerce_pipeline.py for tasks to queue
[2026-09-29T15:55:51.685+0000] {logging_mixin.py:188} INFO - [2026-09-29T15:55:51.685+0000] {dagbag.py:545} INFO - Filling up the DagBag from /opt/airflow/dags/ecommerce_pipeline.py
[2026-09-29T15:55:52.269+0000] {processor.py:840} INFO - DAG(s) 'ecommerce_data_pipeline' retrieved from /opt/airflow/dags/ecommerce_pipeline.py
[2026-09-29T15:55:52.304+0000] {logging_mixin.py:188} INFO - [2026-09-29T15:55:52.304+0000] {dag.py:3096} INFO - Sync 1 DAGs
[2026-09-29T15:55:52.334+0000] {logging_mixin.py:188} INFO - [2026-09-29T15:55:52.334+0000] {dag.py:3954} INFO - Setting next_dagrun for ecommerce_data_pipeline to 2026-09-29 00:00:00+00:00, run_after=2026-09-30 00:00:00+00:00
[2026-09-29T15:55:52.358+0000] {processor.py:183} INFO - Processing /opt/airflow/dags/ecommerce_pipeline.py took 0.684 seconds
[2026-09-29T15:56:22.516+0000] {processor.py:161} INFO - Started process (PID=282) to work on /opt/airflow/dags/ecommerce_pipeline.py
[2026-09-29T15:56:22.517+0000] {processor.py:830} INFO - Processing file /opt/airflow/dags/ecommerce_pipeline.py for tasks to queue
[2026-09-29T15:56:22.520+0000] {logging_mixin.py:188} INFO - [2026-09-29T15:56:22.520+0000] {dagbag.py:545} INFO - Filling up the DagBag from /opt/airflow/dags/ecommerce_pipeline.py
[2026-09-29T15:56:23.009+0000] {processor.py:840} INFO - DAG(s) 'ecommerce_data_pipeline' retrieved from /opt/airflow/dags/ecommerce_pipeline.py
[2026-09-29T15:56:23.038+0000] {logging_mixin.py:188} INFO - [2026-09-29T15:56:23.037+0000] {dag.py:3096} INFO - Sync 1 DAGs
[2026-09-29T15:56:23.064+0000] {logging_mixin.py:188} INFO - [2026-09-29T15:56:23.063+0000] {dag.py:3954} INFO - Setting next_dagrun for ecommerce_data_pipeline to 2026-09-29 00:00:00+00:00, run_after=2026-09-30 00:00:00+00:00
[2026-09-29T15:56:23.086+0000] {processor.py:183} INFO - Processing /opt/airflow/dags/ecommerce_pipeline.py took 0.577 seconds
[2026-09-29T15:56:53.506+0000] {processor.py:161} INFO - Started process (PID=288) to work on /opt/airflow/dags/ecommerce_pipeline.py
[2026-09-29T15:56:53.507+0000] {processor.py:830} INFO - Processing file /opt/airflow/dags/ecommerce_pipeline.py for tasks to queue
[2026-09-29T15:56:53.509+0000] {logging_mixin.py:188} INFO - [2026-09-29T15:56:53.508+0000] {dagbag.py:545} INFO - Filling up the DagBag from /opt/airflow/dags/ecommerce_pipeline.py
[2026-09-29T15:56:53.943+0000] {processor.py:840} INFO - DAG(s) 'ecommerce_data_pipeline' retrieved from /opt/airflow/dags/ecommerce_pipeline.py
[2026-09-29T15:56:53.975+0000] {logging_mixin.py:188} INFO - [2026-09-29T15:56:53.975+0000] {dag.py:3096} INFO - Sync 1 DAGs
[2026-09-29T15:56:54.006+0000] {logging_mixin.py:188} INFO - [2026-09-29T15:56:54.005+0000] {dag.py:3954} INFO - Setting next_dagrun for ecommerce_data_pipeline to 2026-09-29 00:00:00+00:00, run_after=2026-09-30 00:00:00+00:00
[2026-09-29T15:56:54.190+0000] {processor.py:183} INFO - Processing /opt/airflow/dags/ecommerce_pipeline.py took 0.691 seconds
[2026-09-29T15:57:24.381+0000] {processor.py:161} INFO - Started process (PID=294) to work on /opt/airflow/dags/ecommerce_pipeline.py
[2026-09-29T15:57:24.382+0000] {processor.py:830} INFO - Processing file /opt/airflow/dags/ecommerce_pipeline.py for tasks to queue
[2026-09-29T15:57:24.385+0000] {logging_mixin.py:188} INFO - [2026-09-29T15:57:24.384+0000] {dagbag.py:545} INFO - Filling up the DagBag from /opt/airflow/dags/ecommerce_pipeline.py
[2026-09-29T15:57:24.851+0000] {processor.py:840} INFO - DAG(s) 'ecommerce_data_pipeline' retrieved from /opt/airflow/dags/ecommerce_pipeline.py
[2026-09-29T15:57:24.882+0000] {logging_mixin.py:188} INFO - [2026-09-29T15:57:24.881+0000] {dag.py:3096} INFO - Sync 1 DAGs
[2026-09-29T15:57:25.071+0000] {logging_mixin.py:188} INFO - [2026-09-29T15:57:25.071+0000] {dag.py:3954} INFO - Setting next_dagrun for ecommerce_data_pipeline to 2026-09-29 00:00:00+00:00, run_after=2026-09-30 00:00:00+00:00
[2026-09-29T15:57:25.106+0000] {processor.py:183} INFO - Processing /opt/airflow/dags/ecommerce_pipeline.py took 0.732 seconds
[2026-09-29T15:57:55.312+0000] {processor.py:161} INFO - Started process (PID=300) to work on /opt/airflow/dags/ecommerce_pipeline.py
[2026-09-29T15:57:55.313+0000] {processor.py:830} INFO - Processing file /opt/airflow/dags/ecommerce_pipeline.py for tasks to queue
[2026-09-29T15:57:55.316+0000] {logging_mixin.py:188} INFO - [2026-09-29T15:57:55.315+0000] {dagbag.py:545} INFO - Filling up the DagBag from /opt/airflow/dags/ecommerce_pipeline.py
[2026-09-29T15:57:55.824+0000] {processor.py:840} INFO - DAG(s) 'ecommerce_data_pipeline' retrieved from /opt/airflow/dags/ecommerce_pipeline.py
[2026-09-29T15:57:55.858+0000] {logging_mixin.py:188} INFO - [2026-09-29T15:57:55.857+0000] {dag.py:3096} INFO - Sync 1 DAGs
[2026-09-29T15:57:55.887+0000] {logging_mixin.py:188} INFO - [2026-09-29T15:57:55.887+0000] {dag.py:3954} INFO - Setting next_dagrun for ecommerce_data_pipeline to 2026-09-29 00:00:00+00:00, run_after=2026-09-30 00:00:00+00:00
[2026-09-29T15:57:55.913+0000] {processor.py:183} INFO - Processing /opt/airflow/dags/ecommerce_pipeline.py took 0.608 seconds
[2026-09-29T15:58:26.112+0000] {processor.py:161} INFO - Started process (PID=306) to work on /opt/airflow/dags/ecommerce_pipeline.py
[2026-09-29T15:58:26.113+0000] {processor.py:830} INFO - Processing file /opt/airflow/dags/ecommerce_pipeline.py for tasks to queue
[2026-09-29T15:58:26.115+0000] {logging_mixin.py:188} INFO - [2026-09-29T15:58:26.115+0000] {dagbag.py:545} INFO - Filling up the DagBag from /opt/airflow/dags/ecommerce_pipeline.py
[2026-09-29T15:58:26.625+0000] {processor.py:840} INFO - DAG(s) 'ecommerce_data_pipeline' retrieved from /opt/airflow/dags/ecommerce_pipeline.py
[2026-09-29T15:58:26.658+0000] {logging_mixin.py:188} INFO - [2026-09-29T15:58:26.657+0000] {dag.py:3096} INFO - Sync 1 DAGs
[2026-09-29T15:58:26.686+0000] {logging_mixin.py:188} INFO - [2026-09-29T15:58:26.685+0000] {dag.py:3954} INFO - Setting next_dagrun for ecommerce_data_pipeline to 2026-09-29 00:00:00+00:00, run_after=2026-09-30 00:00:00+00:00
[2026-09-29T15:58:26.710+0000] {processor.py:183} INFO - Processing /opt/airflow/dags/ecommerce_pipeline.py took 0.605 seconds
[2026-09-29T15:58:57.110+0000] {processor.py:161} INFO - Started process (PID=312) to work on /opt/airflow/dags/ecommerce_pipeline.py
[2026-09-29T15:58:57.111+0000] {processor.py:830} INFO - Processing file /opt/airflow/dags/ecommerce_pipeline.py for tasks to queue
[2026-09-29T15:58:57.114+0000] {logging_mixin.py:188} INFO - [2026-09-29T15:58:57.113+0000] {dagbag.py:545} INFO - Filling up the DagBag from /opt/airflow/dags/ecommerce_pipeline.py
[2026-09-29T15:58:57.842+0000] {processor.py:840} INFO - DAG(s) 'ecommerce_data_pipeline' retrieved from /opt/airflow/dags/ecommerce_pipeline.py
[2026-09-29T15:58:57.877+0000] {logging_mixin.py:188} INFO - [2026-09-29T15:58:57.876+0000] {dag.py:3096} INFO - Sync 1 DAGs
[2026-09-29T15:58:57.906+0000] {logging_mixin.py:188} INFO - [2026-09-29T15:58:57.906+0000] {dag.py:3954} INFO - Setting next_dagrun for ecommerce_data_pipeline to 2026-09-29 00:00:00+00:00, run_after=2026-09-30 00:00:00+00:00
[2026-09-29T15:58:57.932+0000] {processor.py:183} INFO - Processing /opt/airflow/dags/ecommerce_pipeline.py took 0.832 seconds
[2026-09-29T15:59:28.070+0000] {processor.py:161} INFO - Started process (PID=318) to work on /opt/airflow/dags/ecommerce_pipeline.py
[2026-09-29T15:59:28.071+0000] {processor.py:830} INFO - Processing file /opt/airflow/dags/ecommerce_pipeline.py for tasks to queue
[2026-09-29T15:59:28.073+0000] {logging_mixin.py:188} INFO - [2026-09-29T15:59:28.073+0000] {dagbag.py:545} INFO - Filling up the DagBag from /opt/airflow/dags/ecommerce_pipeline.py
[2026-09-29T15:59:28.548+0000] {processor.py:840} INFO - DAG(s) 'ecommerce_data_pipeline' retrieved from /opt/airflow/dags/ecommerce_pipeline.py
[2026-09-29T15:59:28.585+0000] {logging_mixin.py:188} INFO - [2026-09-29T15:59:28.584+0000] {dag.py:3096} INFO - Sync 1 DAGs
[2026-09-29T15:59:28.611+0000] {logging_mixin.py:188} INFO - [2026-09-29T15:59:28.611+0000] {dag.py:3954} INFO - Setting next_dagrun for ecommerce_data_pipeline to 2026-09-29 00:00:00+00:00, run_after=2026-09-30 00:00:00+00:00
[2026-09-29T15:59:28.633+0000] {processor.py:183} INFO - Processing /opt/airflow/dags/ecommerce_pipeline.py took 0.571 seconds
[2026-09-29T15:59:58.875+0000] {processor.py:161} INFO - Started process (PID=324) to work on /opt/airflow/dags/ecommerce_pipeline.py
[2026-09-29T15:59:58.876+0000] {processor.py:830} INFO - Processing file /opt/airflow/dags/ecommerce_pipeline.py for tasks to queue
[2026-09-29T15:59:58.878+0000] {logging_mixin.py:188} INFO - [2026-09-29T15:59:58.878+0000] {dagbag.py:545} INFO - Filling up the DagBag from /opt/airflow/dags/ecommerce_pipeline.py
[2026-09-29T15:59:59.356+0000] {processor.py:840} INFO - DAG(s) 'ecommerce_data_pipeline' retrieved from /opt/airflow/dags/ecommerce_pipeline.py
[2026-09-29T15:59:59.387+0000] {logging_mixin.py:188} INFO - [2026-09-29T15:59:59.386+0000] {dag.py:3096} INFO - Sync 1 DAGs
[2026-09-29T15:59:59.414+0000] {logging_mixin.py:188} INFO - [2026-09-29T15:59:59.414+0000] {dag.py:3954} INFO - Setting next_dagrun for ecommerce_data_pipeline to 2026-09-29 00:00:00+00:00, run_after=2026-09-30 00:00:00+00:00
[2026-09-29T15:59:59.595+0000] {processor.py:183} INFO - Processing /opt/airflow/dags/ecommerce_pipeline.py took 0.727 seconds
[2026-09-29T16:00:30.095+0000] {processor.py:161} INFO - Started process (PID=330) to work on /opt/airflow/dags/ecommerce_pipeline.py
[2026-09-29T16:00:30.096+0000] {processor.py:830} INFO - Processing file /opt/airflow/dags/ecommerce_pipeline.py for tasks to queue
[2026-09-29T16:00:30.098+0000] {logging_mixin.py:188} INFO - [2026-09-29T16:00:30.098+0000] {dagbag.py:545} INFO - Filling up the DagBag from /opt/airflow/dags/ecommerce_pipeline.py
[2026-09-29T16:00:30.607+0000] {processor.py:840} INFO - DAG(s) 'ecommerce_data_pipeline' retrieved from /opt/airflow/dags/ecommerce_pipeline.py
[2026-09-29T16:00:30.637+0000] {logging_mixin.py:188} INFO - [2026-09-29T16:00:30.637+0000] {dag.py:3096} INFO - Sync 1 DAGs
[2026-09-29T16:00:30.829+0000] {logging_mixin.py:188} INFO - [2026-09-29T16:00:30.829+0000] {dag.py:3954} INFO - Setting next_dagrun for ecommerce_data_pipeline to 2026-09-29 00:00:00+00:00, run_after=2026-09-30 00:00:00+00:00
[2026-09-29T16:00:30.863+0000] {processor.py:183} INFO - Processing /opt/airflow/dags/ecommerce_pipeline.py took 0.775 seconds
[2026-09-29T16:01:01.400+0000] {processor.py:161} INFO - Started process (PID=336) to work on /opt/airflow/dags/ecommerce_pipeline.py
[2026-09-29T16:01:01.401+0000] {processor.py:830} INFO - Processing file /opt/airflow/dags/ecommerce_pipeline.py for tasks to queue
[2026-09-29T16:01:01.404+0000] {logging_mixin.py:188} INFO - [2026-09-29T16:01:01.403+0000] {dagbag.py:545} INFO - Filling up the DagBag from /opt/airflow/dags/ecommerce_pipeline.py
[2026-09-29T16:01:01.884+0000] {processor.py:840} INFO - DAG(s) 'ecommerce_data_pipeline' retrieved from /opt/airflow/dags/ecommerce_pipeline.py
[2026-09-29T16:01:01.914+0000] {logging_mixin.py:188} INFO - [2026-09-29T16:01:01.913+0000] {dag.py:3096} INFO - Sync 1 DAGs
[2026-09-29T16:01:01.942+0000] {logging_mixin.py:188} INFO - [2026-09-29T16:01:01.941+0000] {dag.py:3954} INFO - Setting next_dagrun for ecommerce_data_pipeline to 2026-09-29 00:00:00+00:00, run_after=2026-09-30 00:00:00+00:00
[2026-09-29T16:01:01.964+0000] {processor.py:183} INFO - Processing /opt/airflow/dags/ecommerce_pipeline.py took 0.572 seconds
[2026-09-29T16:01:32.396+0000] {processor.py:161} INFO - Started process (PID=342) to work on /opt/airflow/dags/ecommerce_pipeline.py
[2026-09-29T16:01:32.397+0000] {processor.py:830} INFO - Processing file /opt/airflow/dags/ecommerce_pipeline.py for tasks to queue
[2026-09-29T16:01:32.399+0000] {logging_mixin.py:188} INFO - [2026-09-29T16:01:32.399+0000] {dagbag.py:545} INFO - Filling up the DagBag from /opt/airflow/dags/ecommerce_pipeline.py
[2026-09-29T16:01:32.884+0000] {processor.py:840} INFO - DAG(s) 'ecommerce_data_pipeline' retrieved from /opt/airflow/dags/ecommerce_pipeline.py
[2026-09-29T16:01:32.913+0000] {logging_mixin.py:188} INFO - [2026-09-29T16:01:32.912+0000] {dag.py:3096} INFO - Sync 1 DAGs
[2026-09-29T16:01:32.941+0000] {logging_mixin.py:188} INFO - [2026-09-29T16:01:32.940+0000] {dag.py:3954} INFO - Setting next_dagrun for ecommerce_data_pipeline to 2026-09-29 00:00:00+00:00, run_after=2026-09-30 00:00:00+00:00
[2026-09-29T16:01:32.969+0000] {processor.py:183} INFO - Processing /opt/airflow/dags/ecommerce_pipeline.py took 0.580 seconds
[2026-09-29T16:02:03.498+0000] {processor.py:161} INFO - Started process (PID=348) to work on /opt/airflow/dags/ecommerce_pipeline.py
[2026-09-29T16:02:03.499+0000] {processor.py:830} INFO - Processing file /opt/airflow/dags/ecommerce_pipeline.py for tasks to queue
[2026-09-29T16:02:03.503+0000] {logging_mixin.py:188} INFO - [2026-09-29T16:02:03.502+0000] {dagbag.py:545} INFO - Filling up the DagBag from /opt/airflow/dags/ecommerce_pipeline.py
[2026-09-29T16:02:04.111+0000] {processor.py:840} INFO - DAG(s) 'ecommerce_data_pipeline' retrieved from /opt/airflow/dags/ecommerce_pipeline.py
[2026-09-29T16:02:04.142+0000] {logging_mixin.py:188} INFO - [2026-09-29T16:02:04.141+0000] {dag.py:3096} INFO - Sync 1 DAGs
[2026-09-29T16:02:04.168+0000] {logging_mixin.py:188} INFO - [2026-09-29T16:02:04.168+0000] {dag.py:3954} INFO - Setting next_dagrun for ecommerce_data_pipeline to 2026-09-29 00:00:00+00:00, run_after=2026-09-30 00:00:00+00:00
[2026-09-29T16:02:04.191+0000] {processor.py:183} INFO - Processing /opt/airflow/dags/ecommerce_pipeline.py took 0.703 seconds
[2026-09-29T16:02:34.282+0000] {processor.py:161} INFO - Started process (PID=354) to work on /opt/airflow/dags/ecommerce_pipeline.py
[2026-09-29T16:02:34.283+0000] {processor.py:830} INFO - Processing file /opt/airflow/dags/ecommerce_pipeline.py for tasks to queue
[2026-09-29T16:02:34.285+0000] {logging_mixin.py:188} INFO - [2026-09-29T16:02:34.285+0000] {dagbag.py:545} INFO - Filling up the DagBag from /opt/airflow/dags/ecommerce_pipeline.py
[2026-09-29T16:02:34.758+0000] {processor.py:840} INFO - DAG(s) 'ecommerce_data_pipeline' retrieved from /opt/airflow/dags/ecommerce_pipeline.py
[2026-09-29T16:02:34.793+0000] {logging_mixin.py:188} INFO - [2026-09-29T16:02:34.792+0000] {dag.py:3096} INFO - Sync 1 DAGs
[2026-09-29T16:02:34.821+0000] {logging_mixin.py:188} INFO - [2026-09-29T16:02:34.821+0000] {dag.py:3954} INFO - Setting next_dagrun for ecommerce_data_pipeline to 2026-09-29 00:00:00+00:00, run_after=2026-09-30 00:00:00+00:00
[2026-09-29T16:02:34.847+0000] {processor.py:183} INFO - Processing /opt/airflow/dags/ecommerce_pipeline.py took 0.571 seconds
[2026-09-29T16:03:05.039+0000] {processor.py:161} INFO - Started process (PID=360) to work on /opt/airflow/dags/ecommerce_pipeline.py
[2026-09-29T16:03:05.040+0000] {processor.py:830} INFO - Processing file /opt/airflow/dags/ecommerce_pipeline.py for tasks to queue
[2026-09-29T16:03:05.042+0000] {logging_mixin.py:188} INFO - [2026-09-29T16:03:05.042+0000] {dagbag.py:545} INFO - Filling up the DagBag from /opt/airflow/dags/ecommerce_pipeline.py
[2026-09-29T16:03:05.563+0000] {processor.py:840} INFO - DAG(s) 'ecommerce_data_pipeline' retrieved from /opt/airflow/dags/ecommerce_pipeline.py
[2026-09-29T16:03:05.595+0000] {logging_mixin.py:188} INFO - [2026-09-29T16:03:05.594+0000] {dag.py:3096} INFO - Sync 1 DAGs
[2026-09-29T16:03:05.625+0000] {logging_mixin.py:188} INFO - [2026-09-29T16:03:05.625+0000] {dag.py:3954} INFO - Setting next_dagrun for ecommerce_data_pipeline to 2026-09-29 00:00:00+00:00, run_after=2026-09-30 00:00:00+00:00
[2026-09-29T16:03:05.824+0000] {processor.py:183} INFO - Processing /opt/airflow/dags/ecommerce_pipeline.py took 0.792 seconds
[2026-09-29T16:03:36.292+0000] {processor.py:161} INFO - Started process (PID=366) to work on /opt/airflow/dags/ecommerce_pipeline.py
[2026-09-29T16:03:36.293+0000] {processor.py:830} INFO - Processing file /opt/airflow/dags/ecommerce_pipeline.py for tasks to queue
[2026-09-29T16:03:36.295+0000] {logging_mixin.py:188} INFO - [2026-09-29T16:03:36.294+0000] {dagbag.py:545} INFO - Filling up the DagBag from /opt/airflow/dags/ecommerce_pipeline.py
[2026-09-29T16:03:36.754+0000] {processor.py:840} INFO - DAG(s) 'ecommerce_data_pipeline' retrieved from /opt/airflow/dags/ecommerce_pipeline.py
[2026-09-29T16:03:36.784+0000] {logging_mixin.py:188} INFO - [2026-09-29T16:03:36.783+0000] {dag.py:3096} INFO - Sync 1 DAGs
[2026-09-29T16:03:36.983+0000] {logging_mixin.py:188} INFO - [2026-09-29T16:03:36.982+0000] {dag.py:3954} INFO - Setting next_dagrun for ecommerce_data_pipeline to 2026-09-29 00:00:00+00:00, run_after=2026-09-30 00:00:00+00:00
[2026-09-29T16:03:37.011+0000] {processor.py:183} INFO - Processing /opt/airflow/dags/ecommerce_pipeline.py took 0.727 seconds
[2026-09-29T16:04:07.467+0000] {processor.py:161} INFO - Started process (PID=372) to work on /opt/airflow/dags/ecommerce_pipeline.py
[2026-09-29T16:04:07.468+0000] {processor.py:830} INFO - Processing file /opt/airflow/dags/ecommerce_pipeline.py for tasks to queue
[2026-09-29T16:04:07.470+0000] {logging_mixin.py:188} INFO - [2026-09-29T16:04:07.470+0000] {dagbag.py:545} INFO - Filling up the DagBag from /opt/airflow/dags/ecommerce_pipeline.py
[2026-09-29T16:04:08.050+0000] {processor.py:840} INFO - DAG(s) 'ecommerce_data_pipeline' retrieved from /opt/airflow/dags/ecommerce_pipeline.py
[2026-09-29T16:04:08.080+0000] {logging_mixin.py:188} INFO - [2026-09-29T16:04:08.080+0000] {dag.py:3096} INFO - Sync 1 DAGs
[2026-09-29T16:04:08.107+0000] {logging_mixin.py:188} INFO - [2026-09-29T16:04:08.107+0000] {dag.py:3954} INFO - Setting next_dagrun for ecommerce_data_pipeline to 2026-09-29 00:00:00+00:00, run_after=2026-09-30 00:00:00+00:00
[2026-09-29T16:04:08.138+0000] {processor.py:183} INFO - Processing /opt/airflow/dags/ecommerce_pipeline.py took 0.678 seconds
[2026-09-29T16:04:38.514+0000] {processor.py:161} INFO - Started process (PID=378) to work on /opt/airflow/dags/ecommerce_pipeline.py
[2026-09-29T16:04:38.516+0000] {processor.py:830} INFO - Processing file /opt/airflow/dags/ecommerce_pipeline.py for tasks to queue
[2026-09-29T16:04:38.518+0000] {logging_mixin.py:188} INFO - [2026-09-29T16:04:38.517+0000] {dagbag.py:545} INFO - Filling up the DagBag from /opt/airflow/dags/ecommerce_pipeline.py
[2026-09-29T16:04:38.980+0000] {processor.py:840} INFO - DAG(s) 'ecommerce_data_pipeline' retrieved from /opt/airflow/dags/ecommerce_pipeline.py
[2026-09-29T16:04:39.010+0000] {logging_mixin.py:188} INFO - [2026-09-29T16:04:39.009+0000] {dag.py:3096} INFO - Sync 1 DAGs
[2026-09-29T16:04:39.036+0000] {logging_mixin.py:188} INFO - [2026-09-29T16:04:39.035+0000] {dag.py:3954} INFO - Setting next_dagrun for ecommerce_data_pipeline to 2026-09-29 00:00:00+00:00, run_after=2026-09-30 00:00:00+00:00
[2026-09-29T16:04:39.059+0000] {processor.py:183} INFO - Processing /opt/airflow/dags/ecommerce_pipeline.py took 0.552 seconds
[2026-09-29T16:05:09.523+0000] {processor.py:161} INFO - Started process (PID=384) to work on /opt/airflow/dags/ecommerce_pipeline.py
[2026-09-29T16:05:09.525+0000] {processor.py:830} INFO - Processing file /opt/airflow/dags/ecommerce_pipeline.py for tasks to queue
[2026-09-29T16:05:09.527+0000] {logging_mixin.py:188} INFO - [2026-09-29T16:05:09.526+0000] {dagbag.py:545} INFO - Filling up the DagBag from /opt/airflow/dags/ecommerce_pipeline.py
[2026-09-29T16:05:09.965+0000] {processor.py:840} INFO - DAG(s) 'ecommerce_data_pipeline' retrieved from /opt/airflow/dags/ecommerce_pipeline.py
[2026-09-29T16:05:09.994+0000] {logging_mixin.py:188} INFO - [2026-09-29T16:05:09.994+0000] {dag.py:3096} INFO - Sync 1 DAGs
[2026-09-29T16:05:10.021+0000] {logging_mixin.py:188} INFO - [2026-09-29T16:05:10.020+0000] {dag.py:3954} INFO - Setting next_dagrun for ecommerce_data_pipeline to 2026-09-29 00:00:00+00:00, run_after=2026-09-30 00:00:00+00:00
[2026-09-29T16:05:10.050+0000] {processor.py:183} INFO - Processing /opt/airflow/dags/ecommerce_pipeline.py took 0.534 seconds
[2026-09-29T16:05:40.367+0000] {processor.py:161} INFO - Started process (PID=390) to work on /opt/airflow/dags/ecommerce_pipeline.py
[2026-09-29T16:05:40.369+0000] {processor.py:830} INFO - Processing file /opt/airflow/dags/ecommerce_pipeline.py for tasks to queue
[2026-09-29T16:05:40.370+0000] {logging_mixin.py:188} INFO - [2026-09-29T16:05:40.370+0000] {dagbag.py:545} INFO - Filling up the DagBag from /opt/airflow/dags/ecommerce_pipeline.py
[2026-09-29T16:05:40.869+0000] {processor.py:840} INFO - DAG(s) 'ecommerce_data_pipeline' retrieved from /opt/airflow/dags/ecommerce_pipeline.py
[2026-09-29T16:05:40.905+0000] {logging_mixin.py:188} INFO - [2026-09-29T16:05:40.904+0000] {dag.py:3096} INFO - Sync 1 DAGs
[2026-09-29T16:05:40.938+0000] {logging_mixin.py:188} INFO - [2026-09-29T16:05:40.938+0000] {dag.py:3954} INFO - Setting next_dagrun for ecommerce_data_pipeline to 2026-09-29 00:00:00+00:00, run_after=2026-09-30 00:00:00+00:00
[2026-09-29T16:05:40.961+0000] {processor.py:183} INFO - Processing /opt/airflow/dags/ecommerce_pipeline.py took 0.602 seconds
[2026-09-29T16:06:11.381+0000] {processor.py:161} INFO - Started process (PID=396) to work on /opt/airflow/dags/ecommerce_pipeline.py
[2026-09-29T16:06:11.383+0000] {processor.py:830} INFO - Processing file /opt/airflow/dags/ecommerce_pipeline.py for tasks to queue
[2026-09-29T16:06:11.386+0000] {logging_mixin.py:188} INFO - [2026-09-29T16:06:11.385+0000] {dagbag.py:545} INFO - Filling up the DagBag from /opt/airflow/dags/ecommerce_pipeline.py
[2026-09-29T16:06:12.106+0000] {processor.py:840} INFO - DAG(s) 'ecommerce_data_pipeline' retrieved from /opt/airflow/dags/ecommerce_pipeline.py
[2026-09-29T16:06:12.125+0000] {logging_mixin.py:188} INFO - [2026-09-29T16:06:12.124+0000] {dag.py:3096} INFO - Sync 1 DAGs
[2026-09-29T16:06:12.169+0000] {logging_mixin.py:188} INFO - [2026-09-29T16:06:12.169+0000] {dag.py:3954} INFO - Setting next_dagrun for ecommerce_data_pipeline to 2026-09-29 00:00:00+00:00, run_after=2026-09-30 00:00:00+00:00
[2026-09-29T16:06:12.209+0000] {processor.py:183} INFO - Processing /opt/airflow/dags/ecommerce_pipeline.py took 0.838 seconds
[2026-09-29T16:06:42.487+0000] {processor.py:161} INFO - Started process (PID=402) to work on /opt/airflow/dags/ecommerce_pipeline.py
[2026-09-29T16:06:42.488+0000] {processor.py:830} INFO - Processing file /opt/airflow/dags/ecommerce_pipeline.py for tasks to queue
[2026-09-29T16:06:42.492+0000] {logging_mixin.py:188} INFO - [2026-09-29T16:06:42.491+0000] {dagbag.py:545} INFO - Filling up the DagBag from /opt/airflow/dags/ecommerce_pipeline.py
[2026-09-29T16:06:43.036+0000] {processor.py:840} INFO - DAG(s) 'ecommerce_data_pipeline' retrieved from /opt/airflow/dags/ecommerce_pipeline.py
[2026-09-29T16:06:43.324+0000] {logging_mixin.py:188} INFO - [2026-09-29T16:06:43.323+0000] {dag.py:3096} INFO - Sync 1 DAGs
[2026-09-29T16:06:43.346+0000] {logging_mixin.py:188} INFO - [2026-09-29T16:06:43.346+0000] {dag.py:3954} INFO - Setting next_dagrun for ecommerce_data_pipeline to 2026-09-29 00:00:00+00:00, run_after=2026-09-30 00:00:00+00:00
[2026-09-29T16:06:43.369+0000] {processor.py:183} INFO - Processing /opt/airflow/dags/ecommerce_pipeline.py took 0.896 seconds
[2026-09-29T16:07:13.797+0000] {processor.py:161} INFO - Started process (PID=408) to work on /opt/airflow/dags/ecommerce_pipeline.py
[2026-09-29T16:07:13.799+0000] {processor.py:830} INFO - Processing file /opt/airflow/dags/ecommerce_pipeline.py for tasks to queue
[2026-09-29T16:07:13.801+0000] {logging_mixin.py:188} INFO - [2026-09-29T16:07:13.800+0000] {dagbag.py:545} INFO - Filling up the DagBag from /opt/airflow/dags/ecommerce_pipeline.py
[2026-09-29T16:07:14.363+0000] {processor.py:840} INFO - DAG(s) 'ecommerce_data_pipeline' retrieved from /opt/airflow/dags/ecommerce_pipeline.py
[2026-09-29T16:07:14.400+0000] {logging_mixin.py:188} INFO - [2026-09-29T16:07:14.400+0000] {dag.py:3096} INFO - Sync 1 DAGs
[2026-09-29T16:07:14.596+0000] {logging_mixin.py:188} INFO - [2026-09-29T16:07:14.596+0000] {dag.py:3954} INFO - Setting next_dagrun for ecommerce_data_pipeline to 2026-09-29 00:00:00+00:00, run_after=2026-09-30 00:00:00+00:00
[2026-09-29T16:07:14.621+0000] {processor.py:183} INFO - Processing /opt/airflow/dags/ecommerce_pipeline.py took 0.785 seconds
[2026-09-29T16:07:44.729+0000] {processor.py:161} INFO - Started process (PID=414) to work on /opt/airflow/dags/ecommerce_pipeline.py
[2026-09-29T16:07:44.730+0000] {processor.py:830} INFO - Processing file /opt/airflow/dags/ecommerce_pipeline.py for tasks to queue
[2026-09-29T16:07:44.732+0000] {logging_mixin.py:188} INFO - [2026-09-29T16:07:44.732+0000] {dagbag.py:545} INFO - Filling up the DagBag from /opt/airflow/dags/ecommerce_pipeline.py
[2026-09-29T16:07:45.271+0000] {processor.py:840} INFO - DAG(s) 'ecommerce_data_pipeline' retrieved from /opt/airflow/dags/ecommerce_pipeline.py
[2026-09-29T16:07:45.304+0000] {logging_mixin.py:188} INFO - [2026-09-29T16:07:45.303+0000] {dag.py:3096} INFO - Sync 1 DAGs
[2026-09-29T16:07:45.333+0000] {logging_mixin.py:188} INFO - [2026-09-29T16:07:45.333+0000] {dag.py:3954} INFO - Setting next_dagrun for ecommerce_data_pipeline to 2026-09-29 00:00:00+00:00, run_after=2026-09-30 00:00:00+00:00
[2026-09-29T16:07:45.364+0000] {processor.py:183} INFO - Processing /opt/airflow/dags/ecommerce_pipeline.py took 0.642 seconds
[2026-09-29T16:08:15.789+0000] {processor.py:161} INFO - Started process (PID=420) to work on /opt/airflow/dags/ecommerce_pipeline.py
[2026-09-29T16:08:15.791+0000] {processor.py:830} INFO - Processing file /opt/airflow/dags/ecommerce_pipeline.py for tasks to queue
[2026-09-29T16:08:15.794+0000] {logging_mixin.py:188} INFO - [2026-09-29T16:08:15.793+0000] {dagbag.py:545} INFO - Filling up the DagBag from /opt/airflow/dags/ecommerce_pipeline.py
[2026-09-29T16:08:16.272+0000] {processor.py:840} INFO - DAG(s) 'ecommerce_data_pipeline' retrieved from /opt/airflow/dags/ecommerce_pipeline.py
[2026-09-29T16:08:16.302+0000] {logging_mixin.py:188} INFO - [2026-09-29T16:08:16.302+0000] {dag.py:3096} INFO - Sync 1 DAGs
[2026-09-29T16:08:16.330+0000] {logging_mixin.py:188} INFO - [2026-09-29T16:08:16.330+0000] {dag.py:3954} INFO - Setting next_dagrun for ecommerce_data_pipeline to 2026-09-29 00:00:00+00:00, run_after=2026-09-30 00:00:00+00:00
[2026-09-29T16:08:16.355+0000] {processor.py:183} INFO - Processing /opt/airflow/dags/ecommerce_pipeline.py took 0.572 seconds
[2026-09-29T16:08:46.781+0000] {processor.py:161} INFO - Started process (PID=426) to work on /opt/airflow/dags/ecommerce_pipeline.py
[2026-09-29T16:08:46.782+0000] {processor.py:830} INFO - Processing file /opt/airflow/dags/ecommerce_pipeline.py for tasks to queue
[2026-09-29T16:08:46.785+0000] {logging_mixin.py:188} INFO - [2026-09-29T16:08:46.784+0000] {dagbag.py:545} INFO - Filling up the DagBag from /opt/airflow/dags/ecommerce_pipeline.py
[2026-09-29T16:08:47.261+0000] {processor.py:840} INFO - DAG(s) 'ecommerce_data_pipeline' retrieved from /opt/airflow/dags/ecommerce_pipeline.py
[2026-09-29T16:08:47.292+0000] {logging_mixin.py:188} INFO - [2026-09-29T16:08:47.292+0000] {dag.py:3096} INFO - Sync 1 DAGs
[2026-09-29T16:08:47.321+0000] {logging_mixin.py:188} INFO - [2026-09-29T16:08:47.320+0000] {dag.py:3954} INFO - Setting next_dagrun for ecommerce_data_pipeline to 2026-09-29 00:00:00+00:00, run_after=2026-09-30 00:00:00+00:00
[2026-09-29T16:08:47.345+0000] {processor.py:183} INFO - Processing /opt/airflow/dags/ecommerce_pipeline.py took 0.570 seconds
[2026-09-29T16:09:17.801+0000] {processor.py:161} INFO - Started process (PID=432) to work on /opt/airflow/dags/ecommerce_pipeline.py
[2026-09-29T16:09:17.802+0000] {processor.py:830} INFO - Processing file /opt/airflow/dags/ecommerce_pipeline.py for tasks to queue
[2026-09-29T16:09:17.804+0000] {logging_mixin.py:188} INFO - [2026-09-29T16:09:17.804+0000] {dagbag.py:545} INFO - Filling up the DagBag from /opt/airflow/dags/ecommerce_pipeline.py
[2026-09-29T16:09:18.401+0000] {processor.py:840} INFO - DAG(s) 'ecommerce_data_pipeline' retrieved from /opt/airflow/dags/ecommerce_pipeline.py
[2026-09-29T16:09:18.429+0000] {logging_mixin.py:188} INFO - [2026-09-29T16:09:18.429+0000] {dag.py:3096} INFO - Sync 1 DAGs
[2026-09-29T16:09:18.458+0000] {logging_mixin.py:188} INFO - [2026-09-29T16:09:18.458+0000] {dag.py:3954} INFO - Setting next_dagrun for ecommerce_data_pipeline to 2026-09-29 00:00:00+00:00, run_after=2026-09-30 00:00:00+00:00
[2026-09-29T16:09:18.645+0000] {processor.py:183} INFO - Processing /opt/airflow/dags/ecommerce_pipeline.py took 0.851 seconds
[2026-09-29T16:09:49.124+0000] {processor.py:161} INFO - Started process (PID=438) to work on /opt/airflow/dags/ecommerce_pipeline.py
[2026-09-29T16:09:49.126+0000] {processor.py:830} INFO - Processing file /opt/airflow/dags/ecommerce_pipeline.py for tasks to queue
[2026-09-29T16:09:49.128+0000] {logging_mixin.py:188} INFO - [2026-09-29T16:09:49.127+0000] {dagbag.py:545} INFO - Filling up the DagBag from /opt/airflow/dags/ecommerce_pipeline.py
[2026-09-29T16:09:49.579+0000] {processor.py:840} INFO - DAG(s) 'ecommerce_data_pipeline' retrieved from /opt/airflow/dags/ecommerce_pipeline.py
[2026-09-29T16:09:49.609+0000] {logging_mixin.py:188} INFO - [2026-09-29T16:09:49.608+0000] {dag.py:3096} INFO - Sync 1 DAGs
[2026-09-29T16:09:49.800+0000] {logging_mixin.py:188} INFO - [2026-09-29T16:09:49.800+0000] {dag.py:3954} INFO - Setting next_dagrun for ecommerce_data_pipeline to 2026-09-29 00:00:00+00:00, run_after=2026-09-30 00:00:00+00:00
[2026-09-29T16:09:49.836+0000] {processor.py:183} INFO - Processing /opt/airflow/dags/ecommerce_pipeline.py took 0.719 seconds
[2026-09-29T16:10:19.952+0000] {processor.py:161} INFO - Started process (PID=444) to work on /opt/airflow/dags/ecommerce_pipeline.py
[2026-09-29T16:10:19.953+0000] {processor.py:830} INFO - Processing file /opt/airflow/dags/ecommerce_pipeline.py for tasks to queue
[2026-09-29T16:10:19.956+0000] {logging_mixin.py:188} INFO - [2026-09-29T16:10:19.956+0000] {dagbag.py:545} INFO - Filling up the DagBag from /opt/airflow/dags/ecommerce_pipeline.py
[2026-09-29T16:10:20.427+0000] {processor.py:840} INFO - DAG(s) 'ecommerce_data_pipeline' retrieved from /opt/airflow/dags/ecommerce_pipeline.py
[2026-09-29T16:10:20.457+0000] {logging_mixin.py:188} INFO - [2026-09-29T16:10:20.456+0000] {dag.py:3096} INFO - Sync 1 DAGs
[2026-09-29T16:10:20.650+0000] {logging_mixin.py:188} INFO - [2026-09-29T16:10:20.649+0000] {dag.py:3954} INFO - Setting next_dagrun for ecommerce_data_pipeline to 2026-09-29 00:00:00+00:00, run_after=2026-09-30 00:00:00+00:00
[2026-09-29T16:10:20.686+0000] {processor.py:183} INFO - Processing /opt/airflow/dags/ecommerce_pipeline.py took 0.740 seconds
[2026-09-29T16:10:51.099+0000] {processor.py:161} INFO - Started process (PID=450) to work on /opt/airflow/dags/ecommerce_pipeline.py
[2026-09-29T16:10:51.101+0000] {processor.py:830} INFO - Processing file /opt/airflow/dags/ecommerce_pipeline.py for tasks to queue
[2026-09-29T16:10:51.104+0000] {logging_mixin.py:188} INFO - [2026-09-29T16:10:51.103+0000] {dagbag.py:545} INFO - Filling up the DagBag from /opt/airflow/dags/ecommerce_pipeline.py
[2026-09-29T16:10:51.588+0000] {processor.py:840} INFO - DAG(s) 'ecommerce_data_pipeline' retrieved from /opt/airflow/dags/ecommerce_pipeline.py
[2026-09-29T16:10:51.625+0000] {logging_mixin.py:188} INFO - [2026-09-29T16:10:51.624+0000] {dag.py:3096} INFO - Sync 1 DAGs
[2026-09-29T16:10:51.654+0000] {logging_mixin.py:188} INFO - [2026-09-29T16:10:51.654+0000] {dag.py:3954} INFO - Setting next_dagrun for ecommerce_data_pipeline to 2026-09-29 00:00:00+00:00, run_after=2026-09-30 00:00:00+00:00
[2026-09-29T16:10:51.679+0000] {processor.py:183} INFO - Processing /opt/airflow/dags/ecommerce_pipeline.py took 0.588 seconds
