[2026-09-29T15:51:14.351+0000] {local_task_job_runner.py:120} INFO - ::group::Pre task execution logs
[2026-09-29T15:51:14.395+0000] {taskinstance.py:2076} INFO - Dependencies all met for dep_context=non-requeueable deps ti=<TaskInstance: ecommerce_data_pipeline.batch_etl scheduled__2026-09-28T00:00:00+00:00 [queued]>
[2026-09-29T15:51:14.409+0000] {taskinstance.py:2076} INFO - Dependencies all met for dep_context=requeueable deps ti=<TaskInstance: ecommerce_data_pipeline.batch_etl scheduled__2026-09-28T00:00:00+00:00 [queued]>
[2026-09-29T15:51:14.410+0000] {taskinstance.py:2306} INFO - Starting attempt 1 of 2
[2026-09-29T15:51:14.427+0000] {taskinstance.py:2330} INFO - Executing <Task(PythonOperator): batch_etl> on 2026-09-28 00:00:00+00:00
[2026-09-29T15:51:14.438+0000] {standard_task_runner.py:90} INFO - Running: ['***', 'tasks', 'run', 'ecommerce_data_pipeline', 'batch_etl', 'scheduled__2026-09-28T00:00:00+00:00', '--job-id', '3', '--raw', '--subdir', 'DAGS_FOLDER/ecommerce_pipeline.py', '--cfg-path', '/tmp/tmpp7di_ecl']
[2026-09-29T15:51:14.442+0000] {standard_task_runner.py:91} INFO - Job 3: Subtask batch_etl
[2026-09-29T15:51:14.443+0000] {logging_mixin.py:188} WARNING - /home/***/.local/lib/python3.12/site-packages/***/task/task_runner/standard_task_runner.py:61 DeprecationWarning: This process (pid=202) is multi-threaded, use of fork() may lead to deadlocks in the child.
[2026-09-29T15:51:14.444+0000] {standard_task_runner.py:63} INFO - Started process 204 to run task
[2026-09-29T15:51:14.508+0000] {task_command.py:426} INFO - Running <TaskInstance: ecommerce_data_pipeline.batch_etl scheduled__2026-09-28T00:00:00+00:00 [running]> on host 032a93868173
[2026-09-29T15:51:14.620+0000] {taskinstance.py:2648} INFO - Exporting env vars: AIRFLOW_CTX_DAG_OWNER='data_engineer' AIRFLOW_CTX_DAG_ID='ecommerce_data_pipeline' AIRFLOW_CTX_TASK_ID='batch_etl' AIRFLOW_CTX_EXECUTION_DATE='2026-09-28T00:00:00+00:00' AIRFLOW_CTX_TRY_NUMBER='1' AIRFLOW_CTX_DAG_RUN_ID='scheduled__2026-09-28T00:00:00+00:00'
[2026-09-29T15:51:14.621+0000] {taskinstance.py:430} INFO - ::endgroup::
[2026-09-29T15:51:14.824+0000] {logging_mixin.py:188} INFO - ============================================================
[2026-09-29T15:51:14.825+0000] {logging_mixin.py:188} INFO - BATCH ETL PIPELINE
[2026-09-29T15:51:14.825+0000] {logging_mixin.py:188} INFO - ============================================================
[2026-09-29T15:51:14.826+0000] {logging_mixin.py:188} INFO - Extracting users.csv...
[2026-09-29T15:51:14.838+0000] {logging_mixin.py:188} INFO - Extracting products.csv...
[2026-09-29T15:51:14.846+0000] {logging_mixin.py:188} INFO - Extracting orders.csv...
[2026-09-29T15:51:14.854+0000] {logging_mixin.py:188} INFO - Extracting order_items.csv...
[2026-09-29T15:51:14.860+0000] {logging_mixin.py:188} INFO - Extracting payments.csv...
[2026-09-29T15:51:14.867+0000] {logging_mixin.py:188} INFO - Extracting reviews.csv...
[2026-09-29T15:51:14.873+0000] {logging_mixin.py:188} INFO - Extracting user_events.csv...
[2026-09-29T15:51:14.895+0000] {logging_mixin.py:188} INFO - 
Transforming data...
[2026-09-29T15:51:14.935+0000] {logging_mixin.py:188} INFO - 
Loading transformed data...
[2026-09-29T15:51:14.951+0000] {logging_mixin.py:188} INFO - Saved: data/processed/users_clean.csv
[2026-09-29T15:51:14.958+0000] {logging_mixin.py:188} INFO - Saved: data/processed/products_clean.csv
[2026-09-29T15:51:14.972+0000] {logging_mixin.py:188} INFO - Saved: data/processed/orders_clean.csv
[2026-09-29T15:51:14.990+0000] {logging_mixin.py:188} INFO - Saved: data/processed/order_items_clean.csv
[2026-09-29T15:51:15.002+0000] {logging_mixin.py:188} INFO - Saved: data/processed/payments_clean.csv
[2026-09-29T15:51:15.013+0000] {logging_mixin.py:188} INFO - Saved: data/processed/reviews_clean.csv
[2026-09-29T15:51:15.070+0000] {logging_mixin.py:188} INFO - Saved: data/processed/user_events_clean.csv
[2026-09-29T15:51:15.071+0000] {logging_mixin.py:188} INFO - 
============================================================
[2026-09-29T15:51:15.072+0000] {logging_mixin.py:188} INFO - ETL PIPELINE COMPLETED
[2026-09-29T15:51:15.072+0000] {logging_mixin.py:188} INFO - ============================================================
[2026-09-29T15:51:15.074+0000] {python.py:237} INFO - Done. Returned value was: None
[2026-09-29T15:51:15.075+0000] {taskinstance.py:441} INFO - ::group::Post task execution logs
[2026-09-29T15:51:15.092+0000] {taskinstance.py:1206} INFO - Marking task as SUCCESS. dag_id=ecommerce_data_pipeline, task_id=batch_etl, run_id=scheduled__2026-09-28T00:00:00+00:00, execution_date=20260928T000000, start_date=20260929T155114, end_date=20260929T155115
[2026-09-29T15:51:15.142+0000] {local_task_job_runner.py:240} INFO - Task exited with return code 0
[2026-09-29T15:51:15.170+0000] {taskinstance.py:3503} INFO - 1 downstream tasks scheduled from follow-on schedule check
[2026-09-29T15:51:15.173+0000] {local_task_job_runner.py:222} INFO - ::endgroup::
