[2026-09-29T16:48:14.047+0000] {local_task_job_runner.py:120} INFO - ::group::Pre task execution logs
[2026-09-29T16:48:14.092+0000] {taskinstance.py:2076} INFO - Dependencies all met for dep_context=non-requeueable deps ti=<TaskInstance: ecommerce_data_pipeline.batch_etl manual__2026-09-29T16:48:10.450858+00:00 [queued]>
[2026-09-29T16:48:14.104+0000] {taskinstance.py:2076} INFO - Dependencies all met for dep_context=requeueable deps ti=<TaskInstance: ecommerce_data_pipeline.batch_etl manual__2026-09-29T16:48:10.450858+00:00 [queued]>
[2026-09-29T16:48:14.106+0000] {taskinstance.py:2306} INFO - Starting attempt 1 of 2
[2026-09-29T16:48:14.123+0000] {taskinstance.py:2330} INFO - Executing <Task(PythonOperator): batch_etl> on 2026-09-29 16:48:10.450858+00:00
[2026-09-29T16:48:14.132+0000] {standard_task_runner.py:90} INFO - Running: ['***', 'tasks', 'run', 'ecommerce_data_pipeline', 'batch_etl', 'manual__2026-09-29T16:48:10.450858+00:00', '--job-id', '6', '--raw', '--subdir', 'DAGS_FOLDER/ecommerce_pipeline.py', '--cfg-path', '/tmp/tmpdutn5b1k']
[2026-09-29T16:48:14.136+0000] {standard_task_runner.py:91} INFO - Job 6: Subtask batch_etl
[2026-09-29T16:48:14.136+0000] {logging_mixin.py:188} WARNING - /home/***/.local/lib/python3.12/site-packages/***/task/task_runner/standard_task_runner.py:61 DeprecationWarning: This process (pid=633) is multi-threaded, use of fork() may lead to deadlocks in the child.
[2026-09-29T16:48:14.137+0000] {standard_task_runner.py:63} INFO - Started process 635 to run task
[2026-09-29T16:48:14.185+0000] {task_command.py:426} INFO - Running <TaskInstance: ecommerce_data_pipeline.batch_etl manual__2026-09-29T16:48:10.450858+00:00 [running]> on host 032a93868173
[2026-09-29T16:48:14.315+0000] {taskinstance.py:2648} INFO - Exporting env vars: AIRFLOW_CTX_DAG_OWNER='data_engineer' AIRFLOW_CTX_DAG_ID='ecommerce_data_pipeline' AIRFLOW_CTX_TASK_ID='batch_etl' AIRFLOW_CTX_EXECUTION_DATE='2026-09-29T16:48:10.450858+00:00' AIRFLOW_CTX_TRY_NUMBER='1' AIRFLOW_CTX_DAG_RUN_ID='manual__2026-09-29T16:48:10.450858+00:00'
[2026-09-29T16:48:14.318+0000] {taskinstance.py:430} INFO - ::endgroup::
[2026-09-29T16:48:14.538+0000] {logging_mixin.py:188} INFO - ============================================================
[2026-09-29T16:48:14.540+0000] {logging_mixin.py:188} INFO - BATCH ETL PIPELINE
[2026-09-29T16:48:14.540+0000] {logging_mixin.py:188} INFO - ============================================================
[2026-09-29T16:48:14.541+0000] {logging_mixin.py:188} INFO - Extracting users.csv...
[2026-09-29T16:48:14.554+0000] {logging_mixin.py:188} INFO - Extracting products.csv...
[2026-09-29T16:48:14.562+0000] {logging_mixin.py:188} INFO - Extracting orders.csv...
[2026-09-29T16:48:14.570+0000] {logging_mixin.py:188} INFO - Extracting order_items.csv...
[2026-09-29T16:48:14.578+0000] {logging_mixin.py:188} INFO - Extracting payments.csv...
[2026-09-29T16:48:14.586+0000] {logging_mixin.py:188} INFO - Extracting reviews.csv...
[2026-09-29T16:48:14.593+0000] {logging_mixin.py:188} INFO - Extracting user_events.csv...
[2026-09-29T16:48:14.609+0000] {logging_mixin.py:188} INFO - 
Transforming data...
[2026-09-29T16:48:14.637+0000] {logging_mixin.py:188} INFO - 
Loading transformed data...
[2026-09-29T16:48:14.643+0000] {logging_mixin.py:188} INFO - Saved: data/processed/users_clean.csv
[2026-09-29T16:48:14.650+0000] {logging_mixin.py:188} INFO - Saved: data/processed/products_clean.csv
[2026-09-29T16:48:14.660+0000] {logging_mixin.py:188} INFO - Saved: data/processed/orders_clean.csv
[2026-09-29T16:48:14.678+0000] {logging_mixin.py:188} INFO - Saved: data/processed/order_items_clean.csv
[2026-09-29T16:48:14.695+0000] {logging_mixin.py:188} INFO - Saved: data/processed/payments_clean.csv
[2026-09-29T16:48:14.707+0000] {logging_mixin.py:188} INFO - Saved: data/processed/reviews_clean.csv
[2026-09-29T16:48:14.745+0000] {logging_mixin.py:188} INFO - Saved: data/processed/user_events_clean.csv
[2026-09-29T16:48:14.746+0000] {logging_mixin.py:188} INFO - 
============================================================
[2026-09-29T16:48:14.747+0000] {logging_mixin.py:188} INFO - ETL PIPELINE COMPLETED
[2026-09-29T16:48:14.747+0000] {logging_mixin.py:188} INFO - ============================================================
[2026-09-29T16:48:14.748+0000] {python.py:237} INFO - Done. Returned value was: None
[2026-09-29T16:48:14.749+0000] {taskinstance.py:441} INFO - ::group::Post task execution logs
[2026-09-29T16:48:14.758+0000] {taskinstance.py:1206} INFO - Marking task as SUCCESS. dag_id=ecommerce_data_pipeline, task_id=batch_etl, run_id=manual__2026-09-29T16:48:10.450858+00:00, execution_date=20260929T164810, start_date=20260929T164814, end_date=20260929T164814
[2026-09-29T16:48:14.796+0000] {local_task_job_runner.py:240} INFO - Task exited with return code 0
[2026-09-29T16:48:14.834+0000] {taskinstance.py:3503} INFO - 1 downstream tasks scheduled from follow-on schedule check
[2026-09-29T16:48:14.838+0000] {local_task_job_runner.py:222} INFO - ::endgroup::
